// Vitest Snapshot v1, https://vitest.dev/guide/snapshot.html

exports[`MainPage > snapshot test - verifica que la estructura no cambie inesperadamente 1`] = `
<div>
  <div
    class="relative min-h-screen w-full bg-white overflow-hidden font-gotham cursor-pointer"
  >
    <div
      class="absolute inset-0 z-0 pointer-events-none flex justify-center items-start opacity-60"
    >
      <div
        class="flex w-full max-w-7xl justify-around px-2 overflow-hidden"
      >
        <div
          animate="[object Object]"
          class="flex flex-col gap-4 sm:gap-6 md:gap-8"
          transition="[object Object]"
        >
          <img
            alt="Botella b1.PNG"
            class="w-32 sm:w-40 md:w-48 lg:w-56 max-h-[80vh] h-auto object-contain drop-shadow-xl"
            src="/b1.PNG"
          />
          <img
            alt="Botella b2.PNG"
            class="w-32 sm:w-40 md:w-48 lg:w-56 max-h-[80vh] h-auto object-contain drop-shadow-xl"
            src="/b2.PNG"
          />
          <img
            alt="Botella b3.PNG"
            class="w-32 sm:w-40 md:w-48 lg:w-56 max-h-[80vh] h-auto object-contain drop-shadow-xl"
            src="/b3.PNG"
          />
          <img
            alt="Botella b1.PNG"
            class="w-32 sm:w-40 md:w-48 lg:w-56 max-h-[80vh] h-auto object-contain drop-shadow-xl"
            src="/b1.PNG"
          />
          <img
            alt="Botella b2.PNG"
            class="w-32 sm:w-40 md:w-48 lg:w-56 max-h-[80vh] h-auto object-contain drop-shadow-xl"
            src="/b2.PNG"
          />
          <img
            alt="Botella b3.PNG"
            class="w-32 sm:w-40 md:w-48 lg:w-56 max-h-[80vh] h-auto object-contain drop-shadow-xl"
            src="/b3.PNG"
          />
        </div>
        <div
          animate="[object Object]"
          class="flex flex-col gap-4 sm:gap-6 md:gap-8"
          transition="[object Object]"
        >
          <img
            alt="Botella b4.PNG"
            class="w-32 sm:w-40 md:w-48 lg:w-56 max-h-[80vh] h-auto object-contain drop-shadow-xl"
            src="/b4.PNG"
          />
          <img
            alt="Botella b5.PNG"
            class="w-32 sm:w-40 md:w-48 lg:w-56 max-h-[80vh] h-auto object-contain drop-shadow-xl"
            src="/b5.PNG"
          />
          <img
            alt="Botella b6.PNG"
            class="w-32 sm:w-40 md:w-48 lg:w-56 max-h-[80vh] h-auto object-contain drop-shadow-xl"
            src="/b6.PNG"
          />
          <img
            alt="Botella b4.PNG"
            class="w-32 sm:w-40 md:w-48 lg:w-56 max-h-[80vh] h-auto object-contain drop-shadow-xl"
            src="/b4.PNG"
          />
          <img
            alt="Botella b5.PNG"
            class="w-32 sm:w-40 md:w-48 lg:w-56 max-h-[80vh] h-auto object-contain drop-shadow-xl"
            src="/b5.PNG"
          />
          <img
            alt="Botella b6.PNG"
            class="w-32 sm:w-40 md:w-48 lg:w-56 max-h-[80vh] h-auto object-contain drop-shadow-xl"
            src="/b6.PNG"
          />
        </div>
        <div
          animate="[object Object]"
          class="flex flex-col gap-4 sm:gap-6 md:gap-8"
          transition="[object Object]"
        >
          <img
            alt="Botella b7.PNG"
            class="w-32 sm:w-40 md:w-48 lg:w-56 max-h-[80vh] h-auto object-contain drop-shadow-xl"
            src="/b7.PNG"
          />
          <img
            alt="Botella b8.PNG"
            class="w-32 sm:w-40 md:w-48 lg:w-56 max-h-[80vh] h-auto object-contain drop-shadow-xl"
            src="/b8.PNG"
          />
          <img
            alt="Botella b9.PNG"
            class="w-32 sm:w-40 md:w-48 lg:w-56 max-h-[80vh] h-auto object-contain drop-shadow-xl"
            src="/b9.PNG"
          />
          <img
            alt="Botella b7.PNG"
            class="w-32 sm:w-40 md:w-48 lg:w-56 max-h-[80vh] h-auto object-contain drop-shadow-xl"
            src="/b7.PNG"
          />
          <img
            alt="Botella b8.PNG"
            class="w-32 sm:w-40 md:w-48 lg:w-56 max-h-[80vh] h-auto object-contain drop-shadow-xl"
            src="/b8.PNG"
          />
          <img
            alt="Botella b9.PNG"
            class="w-32 sm:w-40 md:w-48 lg:w-56 max-h-[80vh] h-auto object-contain drop-shadow-xl"
            src="/b9.PNG"
          />
        </div>
      </div>
    </div>
    <div
      class="relative z-20 flex flex-col items-center justify-center min-h-screen px-4 py-12 text-center"
    >
      <h1
        class="text-gray-800 font-light tracking-wide mb-2"
      >
        ¿No sabes qué vino elegir?
      </h1>
      <p
        class="text-gray-700 font-light capitalize mb-4"
      >
        Elige
      </p>
      <img
        alt="Box Premier Logo"
        class="mx-auto drop-shadow-xl"
        src="/bpr.PNG"
        style="height: auto;"
      />
      <p
        class="text-gray-700 font-light mt-4"
      >
        ¡Haz clic y déjanos sorprenderte!
      </p>
    </div>
  </div>
</div>
`;
